// Jest Snapshot v1, https://goo.gl/fbAQLP

exports[`Pruebas en <App /> debe hacer match con el snapshot 1`] = `
<div>
  <h1
    class="title"
  >
    Gif Expert App
  </h1>
  <form
    aria-label="form"
    class="form"
  >
    <input
      id="input-category"
      placeholder="Buscar gifs"
      type="text"
      value=""
    />
  </form>
</div>
`;
