// Jest Snapshot v1, https://goo.gl/fbAQLP

exports[`Se prueba <GifItem /> debe hacer match con el snapshot 1`] = `
<div>
  <div
    class="card"
  >
    <p>
      Dragon Ball Gif
    </p>
    <img
      alt="Dragon Ball Gif"
      src="https://giphy.com/gifs/dragon_ball.gif"
    />
  </div>
</div>
`;
